// Jest Snapshot v1, https://goo.gl/fbAQLP

exports[`MessagePinnedHeader should render message pinned 1`] = `
<View
  accessibilityLabel="Message Pinned Header"
  style={
    [
      {
        "alignItems": "center",
        "flexDirection": "row",
        "justifyContent": "center",
      },
      {},
    ]
  }
  testID="message-pinned"
>
  <RNSVGSvgView
    align="xMidYMid"
    bbHeight={16}
    bbWidth={16}
    fill="#7A7A7A"
    focusable={false}
    height={16}
    meetOrSlice={0}
    minX={0}
    minY={0}
    style={
      [
        {
          "backgroundColor": "transparent",
          "borderWidth": 0,
        },
        {
          "flex": 0,
          "height": 16,
          "width": 16,
        },
      ]
    }
    vbHeight={16}
    vbWidth={16}
    width={16}
  >
    <RNSVGGroup
      fill={
        {
          "payload": 4286216826,
          "type": 0,
        }
      }
      propList={
        [
          "fill",
        ]
      }
    >
      <RNSVGPath
        d="M9.33325 2.66668V6.00001C9.33325 6.74668 9.57992 7.44001 9.99992 8.00001H5.99992C6.43325 7.42668 6.66659 6.73334 6.66659 6.00001V2.66668H9.33325ZM11.3333 1.33334H4.66659C4.29992 1.33334 3.99992 1.63334 3.99992 2.00001C3.99992 2.36668 4.29992 2.66668 4.66659 2.66668H5.33325V6.00001C5.33325 7.10668 4.43992 8.00001 3.33325 8.00001V9.33334H7.31325V14L7.97992 14.6667L8.64659 14V9.33334H12.6666V8.00001C11.5599 8.00001 10.6666 7.10668 10.6666 6.00001V2.66668H11.3333C11.6999 2.66668 11.9999 2.36668 11.9999 2.00001C11.9999 1.63334 11.6999 1.33334 11.3333 1.33334Z"
        fill={
          {
            "payload": 4286216826,
            "type": 0,
          }
        }
        propList={
          [
            "fill",
          ]
        }
      />
    </RNSVGGroup>
  </RNSVGSvgView>
  <Text
    style={
      [
        {
          "color": "#7A7A7A",
        },
        {
          "fontSize": 12,
          "marginLeft": 4,
        },
        {},
      ]
    }
  >
    Pinned by
     
    You
  </Text>
</View>
`;
