// Jest Snapshot v1, https://goo.gl/fbAQLP

exports[`MessageAvatar should render message avatar 1`] = `
<View
  style={
    Array [
      Object {
        "marginRight": 8,
      },
      Object {},
    ]
  }
  testID="message-avatar"
>
  <View>
    <View
      style={
        Array [
          Object {
            "alignItems": "center",
            "justifyContent": "center",
            "overflow": "hidden",
          },
          Object {
            "borderRadius": 16,
            "height": 32,
            "width": 32,
          },
          Object {},
          undefined,
        ]
      }
    >
      <Image
        accessibilityLabel="Avatar Image"
        onError={[Function]}
        source={
          Object {
            "uri": "https://i.imgur.com/ytIyojl.png",
          }
        }
        style={
          Array [
            Object {
              "borderRadius": 16,
              "height": 32,
              "width": 32,
            },
            Object {
              "borderRadius": 16,
              "height": 32,
              "width": 32,
            },
            undefined,
          ]
        }
        testID="avatar-image"
      />
    </View>
  </View>
</View>
`;
